// Jest Snapshot v1, https://goo.gl/fbAQLP

exports[`adds a post 1`] = `
<form>
  <div
    class="Post-Content"
  >
    <label
      for="content"
    >
      Content
    </label>
    <textarea
      id="content"
      name="content"
    />
  </div>
  <div
    class="Post-Tags"
  >
    <label
      for="tags"
    >
      Tags
    </label>
    <input
      id="tags"
      name="tags"
      type="text"
      value=""
    />
  </div>
  <div
    class="Post-Author"
  >
    <label
      for="author"
    >
      Author
    </label>
    <input
      id="author"
      name="author"
      type="text"
      value=""
    />
  </div>
  <br />
  <input
    type="submit"
    value="Submit"
  />
  <label
    id="message"
  />
</form>
`;
