// Jest Snapshot v1, https://goo.gl/fbAQLP

exports[`renders a post and displays content as markdown 1`] = `
<div
  class="post"
>
  <div
    class="post__content"
  >
    <div>
      <span>
        <p>
          <strong>
            test
          </strong>
        </p>
        

      </span>
    </div>
  </div>
  <div
    class="post__tags"
  >
    test1
    test2
  </div>
  <div
    class="post__author"
  >
    Test Test
  </div>
</div>
`;
